[0m00:17:57.775618 [debug] [MainThread]: Sending event: {'category': 'dbt', 'action': 'invocation', 'label': 'start', 'context': [<snowplow_tracker.self_describing_json.SelfDescribingJson object at 0x10d31a3c0>, <snowplow_tracker.self_describing_json.SelfDescribingJson object at 0x10eb0e710>, <snowplow_tracker.self_describing_json.SelfDescribingJson object at 0x10eb0e990>]}


============================== 00:17:57.777783 | c9966f18-503c-4e8a-8db0-e829abb55a1c ==============================
[0m00:17:57.777783 [info ] [MainThread]: Running with dbt=1.12.4
[0m00:17:57.777998 [debug] [MainThread]: running dbt with arguments {'invocation_command': 'dbt run', 'write_json': 'True', 'debug': 'False', 'partial_parse': 'True', 'fail_fast': 'False', 'warn_error': 'None', 'introspect': 'True', 'cache_selected_only': 'False', 'log_cache_events': 'False', 'use_experimental_parser': 'False', 'warn_error_options': 'WarnErrorOptionsV2(error=[], warn=[], silence=[])', 'version_check': 'True', 'maximum_seed_size_mib': '1', 'log_format': 'default', 'hints_enabled': 'True', 'printer_width': '80', 'log_path': '/Users/santoshkumar/Desktop/wpp-ad-performance-dbt/logs', 'quiet': 'False', 'use_colors': 'True', 'no_print': 'None', 'send_anonymous_usage_stats': 'True', 'target_path': 'None', 'static_parser': 'True', 'empty': 'False', 'profiles_dir': '/Users/santoshkumar/.dbt', 'indirect_selection': 'eager'}
[0m00:17:58.342333 [warn ] [MainThread]: [[33mWARNING[0m][MissingPlusPrefixDeprecation]: Deprecated functionality
Missing '+' prefix on `materialized` found at
`wpp_case_study.marts.materialized` in file
`/Users/santoshkumar/Desktop/wpp-ad-performance-dbt/dbt_project.yml`.
Hierarchical config values without a '+' prefix are deprecated in
dbt_project.yml.
[0m00:17:58.342616 [debug] [MainThread]: Sending event: {'category': 'dbt', 'action': 'deprecation', 'label': 'c9966f18-503c-4e8a-8db0-e829abb55a1c', 'property_': 'warn', 'context': [<snowplow_tracker.self_describing_json.SelfDescribingJson object at 0x11952be10>]}
[0m00:17:58.381631 [debug] [MainThread]: Sending event: {'category': 'dbt', 'action': 'project_id', 'label': 'c9966f18-503c-4e8a-8db0-e829abb55a1c', 'context': [<snowplow_tracker.self_describing_json.SelfDescribingJson object at 0x11968b790>]}
[0m00:17:58.400105 [debug] [MainThread]: Sending event: {'category': 'dbt', 'action': 'adapter_info', 'label': 'c9966f18-503c-4e8a-8db0-e829abb55a1c', 'context': [<snowplow_tracker.self_describing_json.SelfDescribingJson object at 0x1195b8b50>]}
[0m00:17:58.400406 [info ] [MainThread]: Registered adapter: bigquery=1.12.0
[0m00:17:58.449831 [debug] [MainThread]: checksum: dfdc0180564591eb972151f6af86073e6e21b6ac8b68127c5fdf6c1824bf423d, vars: {}, profile: wpp_case_study, target: dev, version: 1.12.4
[0m00:17:58.450180 [info ] [MainThread]: Unable to do partial parsing because saved manifest not found. Starting full parse.
[0m00:17:58.450318 [debug] [MainThread]: Sending event: {'category': 'dbt', 'action': 'partial_parser', 'label': 'c9966f18-503c-4e8a-8db0-e829abb55a1c', 'context': [<snowplow_tracker.self_describing_json.SelfDescribingJson object at 0x11981d6d0>]}
[0m00:17:58.968122 [debug] [MainThread]: Sending event: {'category': 'dbt', 'action': 'load_project', 'label': 'c9966f18-503c-4e8a-8db0-e829abb55a1c', 'context': [<snowplow_tracker.self_describing_json.SelfDescribingJson object at 0x11c873310>]}
[0m00:17:59.002875 [debug] [MainThread]: Wrote artifact WritableManifest to /Users/santoshkumar/Desktop/wpp-ad-performance-dbt/target/manifest.json
[0m00:17:59.004238 [debug] [MainThread]: Wrote artifact SemanticManifest to /Users/santoshkumar/Desktop/wpp-ad-performance-dbt/target/semantic_manifest.json
[0m00:17:59.014049 [debug] [MainThread]: Wrote artifact OsiDocument to /Users/santoshkumar/Desktop/wpp-ad-performance-dbt/target/osi_document.json
[0m00:17:59.021128 [debug] [MainThread]: Sending event: {'category': 'dbt', 'action': 'resource_counts', 'label': 'c9966f18-503c-4e8a-8db0-e829abb55a1c', 'context': [<snowplow_tracker.self_describing_json.SelfDescribingJson object at 0x11ccdc530>]}
[0m00:17:59.021308 [info ] [MainThread]: Found 2 models, 5 data tests, 1 source, 561 macros
[0m00:17:59.021409 [debug] [MainThread]: Sending event: {'category': 'dbt', 'action': 'runnable_timing', 'label': 'c9966f18-503c-4e8a-8db0-e829abb55a1c', 'context': [<snowplow_tracker.self_describing_json.SelfDescribingJson object at 0x11cb27d10>]}
[0m00:17:59.022065 [info ] [MainThread]: 
[0m00:17:59.022174 [info ] [MainThread]: Concurrency: 1 threads (target='dev')
[0m00:17:59.022250 [info ] [MainThread]: 
[0m00:17:59.022411 [debug] [MainThread]: Acquiring new bigquery connection 'master'
[0m00:17:59.023701 [debug] [ThreadPool]: Acquiring new bigquery connection 'list_wpp-dev-test'
[0m00:17:59.023840 [debug] [ThreadPool]: Opening a new connection, currently in state init
[0m00:17:59.971047 [debug] [ThreadPool]: Re-using an available connection from the pool (formerly list_wpp-dev-test, now list_wpp-dev-test_raw_data)
[0m00:17:59.971697 [debug] [ThreadPool]: Opening a new connection, currently in state closed
[0m00:18:00.389612 [debug] [MainThread]: Sending event: {'category': 'dbt', 'action': 'runnable_timing', 'label': 'c9966f18-503c-4e8a-8db0-e829abb55a1c', 'context': [<snowplow_tracker.self_describing_json.SelfDescribingJson object at 0x1195f7750>]}
[0m00:18:00.390627 [debug] [MainThread]: Opening a new connection, currently in state init
[0m00:18:00.399763 [debug] [Thread-1 (]: Began running node model.wpp_case_study.stg_ad_data
[0m00:18:00.400287 [info ] [Thread-1 (]: 1 of 2 START sql view model raw_data.stg_ad_data ............................... [RUN]
[0m00:18:00.400673 [debug] [Thread-1 (]: Re-using an available connection from the pool (formerly list_wpp-dev-test_raw_data, now model.wpp_case_study.stg_ad_data)
[0m00:18:00.400892 [debug] [Thread-1 (]: Began compiling node model.wpp_case_study.stg_ad_data
[0m00:18:00.406047 [debug] [Thread-1 (]: Writing injected SQL for node "model.wpp_case_study.stg_ad_data"
[0m00:18:00.406804 [debug] [Thread-1 (]: Began executing node model.wpp_case_study.stg_ad_data
[0m00:18:00.423052 [debug] [Thread-1 (]: Writing runtime sql for node "model.wpp_case_study.stg_ad_data"
[0m00:18:00.423706 [debug] [Thread-1 (]: On model.wpp_case_study.stg_ad_data: /* {"app": "dbt", "dbt_version": "1.12.4", "profile_name": "wpp_case_study", "target_name": "dev", "node_id": "model.wpp_case_study.stg_ad_data"} */


  create or replace view `wpp-dev-test`.`raw_data`.`stg_ad_data`
  OPTIONS()
  as -- Step 1: Grab the raw data from BigQuery
WITH raw_data AS (
    SELECT * 
    FROM `wpp-dev-test`.`raw_data`.`ad_data_raw`
),

-- Step 2: Clean the data
cleaned_data AS (
    SELECT 
        ad_id,
        
        -- Fix the date format from DD-MM-YY to a standard SQL Date
        PARSE_DATE('%d-%m-%y', date) AS ad_date,
        
        -- Force all platform and campaign names to be lowercase so they match perfectly
        LOWER(platform) AS platform,
        LOWER(campaign_name) AS campaign_name,
        
        -- Keep the financial and visual numbers as they are
        spend,
        impressions,
        clicks,
        
        -- Fix the empty conversion fields: If it is NULL, make it a 0.
        CAST(COALESCE(conversions, 0) AS INT64) AS conversions

    FROM raw_data
)

-- Step 3: Remove duplicates (This handles your second file)
SELECT * 
FROM cleaned_data
-- This rule says: "Look at the ad_id. If you see the same ad_id more than once, only keep the row number 1."
QUALIFY ROW_NUMBER() OVER (PARTITION BY ad_id ORDER BY ad_date DESC) = 1;


[0m00:18:00.423979 [debug] [Thread-1 (]: Opening a new connection, currently in state closed
[0m00:18:01.159832 [debug] [Thread-1 (]: BigQuery adapter: https://console.cloud.google.com/bigquery?project=wpp-dev-test&j=bq:EU:f92aee77-0b08-4d48-9a53-7cbcfc0df84d&page=queryresults
[0m00:18:01.408230 [error] [Thread-1 (]: BigQuery adapter: https://console.cloud.google.com/bigquery?project=wpp-dev-test&j=bq:EU:f92aee77-0b08-4d48-9a53-7cbcfc0df84d&page=queryresults
[0m00:18:01.422710 [debug] [Thread-1 (]: Database Error in model stg_ad_data (models/staging/stg_ad_data.sql)
  No matching signature for function PARSE_DATE
    Argument types: STRING, DATE
    Signature: PARSE_DATE(STRING, STRING)
      Argument 2: Unable to coerce type DATE to expected type STRING at [18:9]
  compiled code at target/run/wpp_case_study/models/staging/stg_ad_data.sql
[0m00:18:01.424850 [debug] [Thread-1 (]: Sending event: {'category': 'dbt', 'action': 'run_model', 'label': 'c9966f18-503c-4e8a-8db0-e829abb55a1c', 'context': [<snowplow_tracker.self_describing_json.SelfDescribingJson object at 0x11cd5c910>]}
[0m00:18:01.425376 [error] [Thread-1 (]: 1 of 2 ERROR creating sql view model raw_data.stg_ad_data ...................... [[31mERROR[0m in 1.02s]
[0m00:18:01.425757 [debug] [Thread-1 (]: Finished running node model.wpp_case_study.stg_ad_data
[0m00:18:01.426077 [debug] [Thread-4 (]: Marking all children of 'model.wpp_case_study.stg_ad_data' to be skipped because of status 'error'.  Reason: Database Error in model stg_ad_data (models/staging/stg_ad_data.sql)
  No matching signature for function PARSE_DATE
    Argument types: STRING, DATE
    Signature: PARSE_DATE(STRING, STRING)
      Argument 2: Unable to coerce type DATE to expected type STRING at [18:9]
  compiled code at target/run/wpp_case_study/models/staging/stg_ad_data.sql.
[0m00:18:01.427195 [debug] [Thread-1 (]: Began running node model.wpp_case_study.fct_ad_performance
[0m00:18:01.427562 [info ] [Thread-1 (]: 2 of 2 SKIP relation raw_data.fct_ad_performance ............................... [[33mSKIP[0m]
[0m00:18:01.427883 [debug] [Thread-1 (]: Finished running node model.wpp_case_study.fct_ad_performance
[0m00:18:01.428652 [debug] [MainThread]: Opening a new connection, currently in state closed
[0m00:18:01.429092 [debug] [MainThread]: Connection 'master' was properly closed.
[0m00:18:01.429250 [debug] [MainThread]: Connection 'model.wpp_case_study.stg_ad_data' was properly closed.
[0m00:18:01.429430 [info ] [MainThread]: 
[0m00:18:01.429596 [info ] [MainThread]: Finished running 1 table model, 1 view model in 0 hours 0 minutes and 2.41 seconds (2.41s).
[0m00:18:01.430005 [debug] [MainThread]: Command end result
[0m00:18:01.452937 [debug] [MainThread]: Wrote artifact WritableManifest to /Users/santoshkumar/Desktop/wpp-ad-performance-dbt/target/manifest.json
[0m00:18:01.454553 [debug] [MainThread]: Wrote artifact SemanticManifest to /Users/santoshkumar/Desktop/wpp-ad-performance-dbt/target/semantic_manifest.json
[0m00:18:01.455816 [debug] [MainThread]: Wrote artifact OsiDocument to /Users/santoshkumar/Desktop/wpp-ad-performance-dbt/target/osi_document.json
[0m00:18:01.458888 [debug] [MainThread]: Wrote artifact RunExecutionResult to /Users/santoshkumar/Desktop/wpp-ad-performance-dbt/target/run_results.json
[0m00:18:01.459007 [info ] [MainThread]: 
[0m00:18:01.459148 [info ] [MainThread]: [31mCompleted with 1 error, 0 partial successes, and 0 warnings:[0m
[0m00:18:01.459260 [info ] [MainThread]: 
[0m00:18:01.459392 [error] [MainThread]: [[31mERROR[0m]: in model stg_ad_data (models/staging/stg_ad_data.sql)
[0m00:18:01.459521 [error] [MainThread]:   Database Error in model stg_ad_data (models/staging/stg_ad_data.sql)
  No matching signature for function PARSE_DATE
    Argument types: STRING, DATE
    Signature: PARSE_DATE(STRING, STRING)
      Argument 2: Unable to coerce type DATE to expected type STRING at [18:9]
  compiled code at target/run/wpp_case_study/models/staging/stg_ad_data.sql
[0m00:18:01.459620 [info ] [MainThread]: 
[0m00:18:01.459729 [info ] [MainThread]:   compiled code at target/compiled/wpp_case_study/models/staging/stg_ad_data.sql
[0m00:18:01.459818 [info ] [MainThread]: 
[0m00:18:01.459925 [info ] [MainThread]: Done. PASS=0 WARN=0 ERROR=1 SKIP=1 NO-OP=0 REUSED=0 TOTAL=2
[0m00:18:01.460154 [warn ] [MainThread]: [[33mWARNING[0m][DeprecationsSummary]: Deprecated functionality
Summary of encountered deprecations:
- MissingPlusPrefixDeprecation: 2 occurrences
To see all deprecation instances instead of just the first occurrence of each,
run command again with the `--show-all-deprecations` flag. You may also need to
run with `--no-partial-parse` as some deprecations are only encountered during
parsing.
[0m00:18:01.463384 [debug] [MainThread]: Resource report: {"command_name": "run", "command_success": false, "command_wall_clock_time": 3.741333, "process_in_blocks": "0", "process_kernel_time": 0.251017, "process_mem_max_rss": "270073856", "process_out_blocks": "0", "process_user_time": 1.441439}
[0m00:18:01.463677 [debug] [MainThread]: Command `dbt run` failed at 00:18:01.463640 after 3.74 seconds
[0m00:18:01.463843 [debug] [MainThread]: Sending event: {'category': 'dbt', 'action': 'invocation', 'label': 'end', 'context': [<snowplow_tracker.self_describing_json.SelfDescribingJson object at 0x10d597a50>, <snowplow_tracker.self_describing_json.SelfDescribingJson object at 0x10eb51ed0>, <snowplow_tracker.self_describing_json.SelfDescribingJson object at 0x10eb94d00>]}
[0m00:18:01.463976 [debug] [MainThread]: Flushing usage events
[0m00:18:02.098429 [debug] [MainThread]: An error was encountered while trying to flush usage events
[0m00:21:52.751019 [debug] [MainThread]: Sending event: {'category': 'dbt', 'action': 'invocation', 'label': 'start', 'context': [<snowplow_tracker.self_describing_json.SelfDescribingJson object at 0x10d3fe3c0>, <snowplow_tracker.self_describing_json.SelfDescribingJson object at 0x10ebee710>, <snowplow_tracker.self_describing_json.SelfDescribingJson object at 0x10ebee990>]}


============================== 00:21:52.753212 | 632ae23e-2bbb-42a5-9e4c-913a73db7efd ==============================
[0m00:21:52.753212 [info ] [MainThread]: Running with dbt=1.12.4
[0m00:21:52.753430 [debug] [MainThread]: running dbt with arguments {'invocation_command': 'dbt run', 'log_cache_events': 'False', 'use_colors': 'True', 'introspect': 'True', 'hints_enabled': 'True', 'log_path': '/Users/santoshkumar/Desktop/wpp-ad-performance-dbt/logs', 'version_check': 'True', 'write_json': 'True', 'static_parser': 'True', 'send_anonymous_usage_stats': 'True', 'profiles_dir': '/Users/santoshkumar/.dbt', 'use_experimental_parser': 'False', 'printer_width': '80', 'fail_fast': 'False', 'warn_error': 'None', 'cache_selected_only': 'False', 'partial_parse': 'True', 'debug': 'False', 'warn_error_options': 'WarnErrorOptionsV2(error=[], warn=[], silence=[])', 'empty': 'False', 'log_format': 'default', 'indirect_selection': 'eager', 'quiet': 'False', 'no_print': 'None', 'target_path': 'None', 'maximum_seed_size_mib': '1'}
[0m00:21:53.164716 [debug] [MainThread]: Sending event: {'category': 'dbt', 'action': 'project_id', 'label': '632ae23e-2bbb-42a5-9e4c-913a73db7efd', 'context': [<snowplow_tracker.self_describing_json.SelfDescribingJson object at 0x11960fe10>]}
[0m00:21:53.183250 [debug] [MainThread]: Sending event: {'category': 'dbt', 'action': 'adapter_info', 'label': '632ae23e-2bbb-42a5-9e4c-913a73db7efd', 'context': [<snowplow_tracker.self_describing_json.SelfDescribingJson object at 0x11976fbd0>]}
[0m00:21:53.183547 [info ] [MainThread]: Registered adapter: bigquery=1.12.0
[0m00:21:53.233825 [debug] [MainThread]: checksum: dfdc0180564591eb972151f6af86073e6e21b6ac8b68127c5fdf6c1824bf423d, vars: {}, profile: wpp_case_study, target: dev, version: 1.12.4
[0m00:21:53.273660 [info ] [MainThread]: Unable to do partial parsing because a project config has changed
[0m00:21:53.273863 [debug] [MainThread]: Sending event: {'category': 'dbt', 'action': 'partial_parser', 'label': '632ae23e-2bbb-42a5-9e4c-913a73db7efd', 'context': [<snowplow_tracker.self_describing_json.SelfDescribingJson object at 0x11c87a050>]}
[0m00:21:53.770237 [debug] [MainThread]: Sending event: {'category': 'dbt', 'action': 'load_project', 'label': '632ae23e-2bbb-42a5-9e4c-913a73db7efd', 'context': [<snowplow_tracker.self_describing_json.SelfDescribingJson object at 0x11ca1c9b0>]}
[0m00:21:53.802433 [debug] [MainThread]: Wrote artifact WritableManifest to /Users/santoshkumar/Desktop/wpp-ad-performance-dbt/target/manifest.json
[0m00:21:53.803512 [debug] [MainThread]: Wrote artifact SemanticManifest to /Users/santoshkumar/Desktop/wpp-ad-performance-dbt/target/semantic_manifest.json
[0m00:21:53.812094 [debug] [MainThread]: Wrote artifact OsiDocument to /Users/santoshkumar/Desktop/wpp-ad-performance-dbt/target/osi_document.json
[0m00:21:53.816884 [debug] [MainThread]: Sending event: {'category': 'dbt', 'action': 'resource_counts', 'label': '632ae23e-2bbb-42a5-9e4c-913a73db7efd', 'context': [<snowplow_tracker.self_describing_json.SelfDescribingJson object at 0x11ccea430>]}
[0m00:21:53.817035 [info ] [MainThread]: Found 2 models, 5 data tests, 1 source, 561 macros
[0m00:21:53.817137 [debug] [MainThread]: Sending event: {'category': 'dbt', 'action': 'runnable_timing', 'label': '632ae23e-2bbb-42a5-9e4c-913a73db7efd', 'context': [<snowplow_tracker.self_describing_json.SelfDescribingJson object at 0x11cd84050>]}
[0m00:21:53.817744 [info ] [MainThread]: 
[0m00:21:53.817851 [info ] [MainThread]: Concurrency: 1 threads (target='dev')
[0m00:21:53.817932 [info ] [MainThread]: 
[0m00:21:53.818093 [debug] [MainThread]: Acquiring new bigquery connection 'master'
[0m00:21:53.819333 [debug] [ThreadPool]: Acquiring new bigquery connection 'list_wpp-dev-test'
[0m00:21:53.819466 [debug] [ThreadPool]: Opening a new connection, currently in state init
[0m00:21:54.773319 [debug] [ThreadPool]: Re-using an available connection from the pool (formerly list_wpp-dev-test, now list_wpp-dev-test_raw_data)
[0m00:21:54.774466 [debug] [ThreadPool]: Opening a new connection, currently in state closed
[0m00:21:55.224024 [debug] [MainThread]: Sending event: {'category': 'dbt', 'action': 'runnable_timing', 'label': '632ae23e-2bbb-42a5-9e4c-913a73db7efd', 'context': [<snowplow_tracker.self_describing_json.SelfDescribingJson object at 0x11cda9910>]}
[0m00:21:55.224849 [debug] [MainThread]: Opening a new connection, currently in state init
[0m00:21:55.230091 [debug] [Thread-1 (]: Began running node model.wpp_case_study.stg_ad_data
[0m00:21:55.230728 [info ] [Thread-1 (]: 1 of 2 START sql view model raw_data.stg_ad_data ............................... [RUN]
[0m00:21:55.231171 [debug] [Thread-1 (]: Re-using an available connection from the pool (formerly list_wpp-dev-test_raw_data, now model.wpp_case_study.stg_ad_data)
[0m00:21:55.231417 [debug] [Thread-1 (]: Began compiling node model.wpp_case_study.stg_ad_data
[0m00:21:55.237308 [debug] [Thread-1 (]: Writing injected SQL for node "model.wpp_case_study.stg_ad_data"
[0m00:21:55.238050 [debug] [Thread-1 (]: Began executing node model.wpp_case_study.stg_ad_data
[0m00:21:55.254705 [debug] [Thread-1 (]: Writing runtime sql for node "model.wpp_case_study.stg_ad_data"
[0m00:21:55.255403 [debug] [Thread-1 (]: On model.wpp_case_study.stg_ad_data: /* {"app": "dbt", "dbt_version": "1.12.4", "profile_name": "wpp_case_study", "target_name": "dev", "node_id": "model.wpp_case_study.stg_ad_data"} */


  create or replace view `wpp-dev-test`.`raw_data`.`stg_ad_data`
  OPTIONS()
  as -- Step 1: Grab the raw data from BigQuery
WITH raw_data AS (
    SELECT * 
    FROM `wpp-dev-test`.`raw_data`.`ad_data_raw`
),

-- Step 2: Clean the data
cleaned_data AS (
    SELECT 
        ad_id,
        
        -- Fix the date format from DD-MM-YY to a standard SQL Date
        CAST(date AS DATE) AS ad_date,
        
        -- Force all platform and campaign names to be lowercase so they match perfectly
        LOWER(platform) AS platform,
        LOWER(campaign_name) AS campaign_name,
        
        -- Keep the financial and visual numbers as they are
        spend,
        impressions,
        clicks,
        
        -- Fix the empty conversion fields: If it is NULL, make it a 0.
        CAST(COALESCE(conversions, 0) AS INT64) AS conversions

    FROM raw_data
)

-- Step 3: Remove duplicates (This handles your second file)
SELECT * 
FROM cleaned_data
-- This rule says: "Look at the ad_id. If you see the same ad_id more than once, only keep the row number 1."
QUALIFY ROW_NUMBER() OVER (PARTITION BY ad_id ORDER BY ad_date DESC) = 1;


[0m00:21:55.255671 [debug] [Thread-1 (]: Opening a new connection, currently in state closed
[0m00:21:55.945013 [debug] [Thread-1 (]: BigQuery adapter: https://console.cloud.google.com/bigquery?project=wpp-dev-test&j=bq:EU:18571082-7b8a-4e1c-8068-5f71d76520ea&page=queryresults
[0m00:21:56.416084 [debug] [Thread-1 (]: SQL status: OK in 0.470 seconds
[0m00:21:56.464140 [debug] [Thread-1 (]: Sending event: {'category': 'dbt', 'action': 'run_model', 'label': '632ae23e-2bbb-42a5-9e4c-913a73db7efd', 'context': [<snowplow_tracker.self_describing_json.SelfDescribingJson object at 0x10d727960>]}
[0m00:21:56.464488 [info ] [Thread-1 (]: 1 of 2 OK created sql view model raw_data.stg_ad_data .......................... [[32mCREATE VIEW (0 processed)[0m in 1.23s]
[0m00:21:56.464746 [debug] [Thread-1 (]: Finished running node model.wpp_case_study.stg_ad_data
[0m00:21:56.465236 [debug] [Thread-1 (]: Began running node model.wpp_case_study.fct_ad_performance
[0m00:21:56.465466 [info ] [Thread-1 (]: 2 of 2 START sql table model raw_data.fct_ad_performance ....................... [RUN]
[0m00:21:56.465658 [debug] [Thread-1 (]: Re-using an available connection from the pool (formerly model.wpp_case_study.stg_ad_data, now model.wpp_case_study.fct_ad_performance)
[0m00:21:56.465787 [debug] [Thread-1 (]: Began compiling node model.wpp_case_study.fct_ad_performance
[0m00:21:56.466709 [debug] [Thread-1 (]: Writing injected SQL for node "model.wpp_case_study.fct_ad_performance"
[0m00:21:56.467087 [debug] [Thread-1 (]: Began executing node model.wpp_case_study.fct_ad_performance
[0m00:21:56.478531 [debug] [Thread-1 (]: Writing runtime sql for node "model.wpp_case_study.fct_ad_performance"
[0m00:21:56.478884 [debug] [Thread-1 (]: On model.wpp_case_study.fct_ad_performance: /* {"app": "dbt", "dbt_version": "1.12.4", "profile_name": "wpp_case_study", "target_name": "dev", "node_id": "model.wpp_case_study.fct_ad_performance"} */

  
    

    create or replace table `wpp-dev-test`.`raw_data`.`fct_ad_performance`
      
    
    

    
    OPTIONS()
    as (
      -- Step 1: Grab the clean data from your staging file
WITH clean_data AS (
    SELECT * 
    FROM `wpp-dev-test`.`raw_data`.`stg_ad_data`
)

-- Step 2: Group the data and do the math
SELECT 
    -- We want to see the performance broken down by day, platform, and campaign
    ad_date,
    platform,
    campaign_name,
    
    -- Add up all the daily totals
    SUM(spend) AS total_spend,
    SUM(impressions) AS total_impressions,
    SUM(clicks) AS total_clicks,
    SUM(conversions) AS total_conversions,
    
    -- Calculate the Funnel Percentages (Using SAFE_DIVIDE so we don't get errors if dividing by zero)
    -- Click-Through Rate: Clicks divided by Impressions
    SAFE_DIVIDE(SUM(clicks), SUM(impressions)) AS click_through_rate,
    
    -- Conversion Rate: Conversions divided by Clicks
    SAFE_DIVIDE(SUM(conversions), SUM(clicks)) AS conversion_rate,
    
    -- Calculate the Cost Per Acquisition (CPA)
    -- CPA: Total Spend divided by Total Conversions
    SAFE_DIVIDE(SUM(spend), SUM(conversions)) AS cost_per_acquisition

FROM clean_data
-- We must group by the first 3 columns (date, platform, campaign) so BigQuery knows how to bundle the totals
GROUP BY 1, 2, 3
    );
  
[0m00:21:56.479066 [debug] [Thread-1 (]: Opening a new connection, currently in state closed
[0m00:21:57.312473 [debug] [Thread-1 (]: BigQuery adapter: https://console.cloud.google.com/bigquery?project=wpp-dev-test&j=bq:EU:3cf61af2-6c78-4b50-9f7a-cc75da080111&page=queryresults
[0m00:21:58.634552 [debug] [Thread-1 (]: SQL status: OK in 1.321 seconds
[0m00:21:59.041917 [debug] [Thread-1 (]: Sending event: {'category': 'dbt', 'action': 'run_model', 'label': '632ae23e-2bbb-42a5-9e4c-913a73db7efd', 'context': [<snowplow_tracker.self_describing_json.SelfDescribingJson object at 0x11d110c30>]}
[0m00:21:59.042809 [info ] [Thread-1 (]: 2 of 2 OK created sql table model raw_data.fct_ad_performance .................. [[32mCREATE TABLE (73.0 rows, 6.9 KiB processed)[0m in 2.58s]
[0m00:21:59.043308 [debug] [Thread-1 (]: Finished running node model.wpp_case_study.fct_ad_performance
[0m00:21:59.044379 [debug] [MainThread]: Opening a new connection, currently in state closed
[0m00:21:59.045072 [debug] [MainThread]: Connection 'master' was properly closed.
[0m00:21:59.045270 [debug] [MainThread]: Connection 'model.wpp_case_study.fct_ad_performance' was properly closed.
[0m00:21:59.045511 [info ] [MainThread]: 
[0m00:21:59.045728 [info ] [MainThread]: Finished running 1 table model, 1 view model in 0 hours 0 minutes and 5.23 seconds (5.23s).
[0m00:21:59.046322 [debug] [MainThread]: Command end result
[0m00:21:59.071333 [debug] [MainThread]: Wrote artifact WritableManifest to /Users/santoshkumar/Desktop/wpp-ad-performance-dbt/target/manifest.json
[0m00:21:59.073569 [debug] [MainThread]: Wrote artifact SemanticManifest to /Users/santoshkumar/Desktop/wpp-ad-performance-dbt/target/semantic_manifest.json
[0m00:21:59.075051 [debug] [MainThread]: Wrote artifact OsiDocument to /Users/santoshkumar/Desktop/wpp-ad-performance-dbt/target/osi_document.json
[0m00:21:59.078573 [debug] [MainThread]: Wrote artifact RunExecutionResult to /Users/santoshkumar/Desktop/wpp-ad-performance-dbt/target/run_results.json
[0m00:21:59.078707 [info ] [MainThread]: 
[0m00:21:59.078880 [info ] [MainThread]: [32mCompleted successfully[0m
[0m00:21:59.078988 [info ] [MainThread]: 
[0m00:21:59.079113 [info ] [MainThread]: Done. PASS=2 WARN=0 ERROR=0 SKIP=0 NO-OP=0 REUSED=0 TOTAL=2
[0m00:21:59.082365 [debug] [MainThread]: Resource report: {"command_name": "run", "command_success": true, "command_wall_clock_time": 6.3858833, "process_in_blocks": "0", "process_kernel_time": 0.220888, "process_mem_max_rss": "272629760", "process_out_blocks": "0", "process_user_time": 1.508613}
[0m00:21:59.082711 [debug] [MainThread]: Command `dbt run` succeeded at 00:21:59.082674 after 6.39 seconds
[0m00:21:59.082882 [debug] [MainThread]: Sending event: {'category': 'dbt', 'action': 'invocation', 'label': 'end', 'context': [<snowplow_tracker.self_describing_json.SelfDescribingJson object at 0x11cb2e2d0>, <snowplow_tracker.self_describing_json.SelfDescribingJson object at 0x10b8058d0>, <snowplow_tracker.self_describing_json.SelfDescribingJson object at 0x10ec74d00>]}
[0m00:21:59.083024 [debug] [MainThread]: Flushing usage events
[0m00:21:59.739476 [debug] [MainThread]: An error was encountered while trying to flush usage events
[0m00:23:16.681963 [debug] [MainThread]: Sending event: {'category': 'dbt', 'action': 'invocation', 'label': 'start', 'context': [<snowplow_tracker.self_describing_json.SelfDescribingJson object at 0x108fee3c0>, <snowplow_tracker.self_describing_json.SelfDescribingJson object at 0x10a7e2710>, <snowplow_tracker.self_describing_json.SelfDescribingJson object at 0x10a7e2990>]}


============================== 00:23:16.683689 | 091e1b1b-02c6-4fcb-972c-22ff23a5eb79 ==============================
[0m00:23:16.683689 [info ] [MainThread]: Running with dbt=1.12.4
[0m00:23:16.683905 [debug] [MainThread]: running dbt with arguments {'write_json': 'True', 'version_check': 'True', 'log_format': 'default', 'fail_fast': 'False', 'indirect_selection': 'eager', 'target_path': 'None', 'printer_width': '80', 'introspect': 'True', 'empty': 'None', 'debug': 'False', 'partial_parse': 'True', 'log_cache_events': 'False', 'profiles_dir': '/Users/santoshkumar/.dbt', 'warn_error_options': 'WarnErrorOptionsV2(error=[], warn=[], silence=[])', 'static_parser': 'True', 'cache_selected_only': 'False', 'invocation_command': 'dbt test', 'no_print': 'None', 'hints_enabled': 'True', 'log_path': '/Users/santoshkumar/Desktop/wpp-ad-performance-dbt/logs', 'send_anonymous_usage_stats': 'True', 'use_colors': 'True', 'use_experimental_parser': 'False', 'quiet': 'False', 'warn_error': 'None', 'maximum_seed_size_mib': '1'}
[0m00:23:16.987749 [debug] [MainThread]: Sending event: {'category': 'dbt', 'action': 'project_id', 'label': '091e1b1b-02c6-4fcb-972c-22ff23a5eb79', 'context': [<snowplow_tracker.self_describing_json.SelfDescribingJson object at 0x1151ffe10>]}
[0m00:23:17.006592 [debug] [MainThread]: Sending event: {'category': 'dbt', 'action': 'adapter_info', 'label': '091e1b1b-02c6-4fcb-972c-22ff23a5eb79', 'context': [<snowplow_tracker.self_describing_json.SelfDescribingJson object at 0x11535fbd0>]}
[0m00:23:17.006909 [info ] [MainThread]: Registered adapter: bigquery=1.12.0
[0m00:23:17.054474 [debug] [MainThread]: checksum: dfdc0180564591eb972151f6af86073e6e21b6ac8b68127c5fdf6c1824bf423d, vars: {}, profile: wpp_case_study, target: dev, version: 1.12.4
[0m00:23:17.102593 [debug] [MainThread]: Partial parsing enabled: 0 files deleted, 0 files added, 0 files changed.
[0m00:23:17.102765 [debug] [MainThread]: Nothing changed, skipping partial parsing.
[0m00:23:17.102844 [debug] [MainThread]: Partial parsing enabled, no changes found, skipping parsing
[0m00:23:17.106146 [debug] [MainThread]: Sending event: {'category': 'dbt', 'action': 'load_project', 'label': '091e1b1b-02c6-4fcb-972c-22ff23a5eb79', 'context': [<snowplow_tracker.self_describing_json.SelfDescribingJson object at 0x118466550>]}
[0m00:23:17.151352 [debug] [MainThread]: Wrote artifact WritableManifest to /Users/santoshkumar/Desktop/wpp-ad-performance-dbt/target/manifest.json
[0m00:23:17.152546 [debug] [MainThread]: Wrote artifact SemanticManifest to /Users/santoshkumar/Desktop/wpp-ad-performance-dbt/target/semantic_manifest.json
[0m00:23:17.157520 [debug] [MainThread]: Wrote artifact OsiDocument to /Users/santoshkumar/Desktop/wpp-ad-performance-dbt/target/osi_document.json
[0m00:23:17.164521 [debug] [MainThread]: Sending event: {'category': 'dbt', 'action': 'resource_counts', 'label': '091e1b1b-02c6-4fcb-972c-22ff23a5eb79', 'context': [<snowplow_tracker.self_describing_json.SelfDescribingJson object at 0x1185f9400>]}
[0m00:23:17.164691 [info ] [MainThread]: Found 2 models, 5 data tests, 1 source, 561 macros
[0m00:23:17.164804 [debug] [MainThread]: Sending event: {'category': 'dbt', 'action': 'runnable_timing', 'label': '091e1b1b-02c6-4fcb-972c-22ff23a5eb79', 'context': [<snowplow_tracker.self_describing_json.SelfDescribingJson object at 0x1186c4f30>]}
[0m00:23:17.165493 [info ] [MainThread]: 
[0m00:23:17.165606 [info ] [MainThread]: Concurrency: 1 threads (target='dev')
[0m00:23:17.165687 [info ] [MainThread]: 
[0m00:23:17.165867 [debug] [MainThread]: Acquiring new bigquery connection 'master'
[0m00:23:17.167151 [debug] [ThreadPool]: Acquiring new bigquery connection 'list_wpp-dev-test_raw_data'
[0m00:23:17.167267 [debug] [ThreadPool]: Opening a new connection, currently in state init
[0m00:23:17.956590 [debug] [MainThread]: Sending event: {'category': 'dbt', 'action': 'runnable_timing', 'label': '091e1b1b-02c6-4fcb-972c-22ff23a5eb79', 'context': [<snowplow_tracker.self_describing_json.SelfDescribingJson object at 0x118551e60>]}
[0m00:23:17.957518 [debug] [MainThread]: Opening a new connection, currently in state init
[0m00:23:17.964414 [debug] [Thread-1 (]: Began running node test.wpp_case_study.not_null_fct_ad_performance_ad_date.9c9ffe3df0
[0m00:23:17.964838 [info ] [Thread-1 (]: 1 of 5 START test not_null_fct_ad_performance_ad_date .......................... [RUN]
[0m00:23:17.965233 [debug] [Thread-1 (]: Re-using an available connection from the pool (formerly list_wpp-dev-test_raw_data, now test.wpp_case_study.not_null_fct_ad_performance_ad_date.9c9ffe3df0)
[0m00:23:17.965469 [debug] [Thread-1 (]: Began compiling node test.wpp_case_study.not_null_fct_ad_performance_ad_date.9c9ffe3df0
[0m00:23:17.979985 [debug] [Thread-1 (]: Writing injected SQL for node "test.wpp_case_study.not_null_fct_ad_performance_ad_date.9c9ffe3df0"
[0m00:23:17.980900 [debug] [Thread-1 (]: Began executing node test.wpp_case_study.not_null_fct_ad_performance_ad_date.9c9ffe3df0
[0m00:23:17.992225 [debug] [Thread-1 (]: Writing runtime sql for node "test.wpp_case_study.not_null_fct_ad_performance_ad_date.9c9ffe3df0"
[0m00:23:17.992722 [debug] [Thread-1 (]: On test.wpp_case_study.not_null_fct_ad_performance_ad_date.9c9ffe3df0: /* {"app": "dbt", "dbt_version": "1.12.4", "profile_name": "wpp_case_study", "target_name": "dev", "node_id": "test.wpp_case_study.not_null_fct_ad_performance_ad_date.9c9ffe3df0"} */

    
    select
      count(*) as failures,
      count(*) != 0 as should_warn,
      count(*) != 0 as should_error
    from (
      
    
  
    
    



select ad_date
from `wpp-dev-test`.`raw_data`.`fct_ad_performance`
where ad_date is null



  
  
      
    ) dbt_internal_test
[0m00:23:17.992952 [debug] [Thread-1 (]: Opening a new connection, currently in state closed
[0m00:23:18.739788 [debug] [Thread-1 (]: BigQuery adapter: https://console.cloud.google.com/bigquery?project=wpp-dev-test&j=bq:EU:fb5f8e02-f3f9-4edb-9a61-6f1d24558ee3&page=queryresults
[0m00:23:18.888905 [debug] [Thread-1 (]: SQL status: OK in 0.148 seconds
[0m00:23:19.297268 [info ] [Thread-1 (]: 1 of 5 PASS not_null_fct_ad_performance_ad_date ................................ [[32mPASS[0m in 1.33s]
[0m00:23:19.298163 [debug] [Thread-1 (]: Finished running node test.wpp_case_study.not_null_fct_ad_performance_ad_date.9c9ffe3df0
[0m00:23:19.298511 [debug] [Thread-1 (]: Began running node test.wpp_case_study.not_null_stg_ad_data_ad_id.be10693e2d
[0m00:23:19.298900 [info ] [Thread-1 (]: 2 of 5 START test not_null_stg_ad_data_ad_id ................................... [RUN]
[0m00:23:19.299331 [debug] [Thread-1 (]: Re-using an available connection from the pool (formerly test.wpp_case_study.not_null_fct_ad_performance_ad_date.9c9ffe3df0, now test.wpp_case_study.not_null_stg_ad_data_ad_id.be10693e2d)
[0m00:23:19.299909 [debug] [Thread-1 (]: Began compiling node test.wpp_case_study.not_null_stg_ad_data_ad_id.be10693e2d
[0m00:23:19.305320 [debug] [Thread-1 (]: Writing injected SQL for node "test.wpp_case_study.not_null_stg_ad_data_ad_id.be10693e2d"
[0m00:23:19.306216 [debug] [Thread-1 (]: Began executing node test.wpp_case_study.not_null_stg_ad_data_ad_id.be10693e2d
[0m00:23:19.307292 [debug] [Thread-1 (]: Writing runtime sql for node "test.wpp_case_study.not_null_stg_ad_data_ad_id.be10693e2d"
[0m00:23:19.307749 [debug] [Thread-1 (]: On test.wpp_case_study.not_null_stg_ad_data_ad_id.be10693e2d: /* {"app": "dbt", "dbt_version": "1.12.4", "profile_name": "wpp_case_study", "target_name": "dev", "node_id": "test.wpp_case_study.not_null_stg_ad_data_ad_id.be10693e2d"} */

    
    select
      count(*) as failures,
      count(*) != 0 as should_warn,
      count(*) != 0 as should_error
    from (
      
    
  
    
    



select ad_id
from `wpp-dev-test`.`raw_data`.`stg_ad_data`
where ad_id is null



  
  
      
    ) dbt_internal_test
[0m00:23:19.308019 [debug] [Thread-1 (]: Opening a new connection, currently in state closed
[0m00:23:20.147393 [debug] [Thread-1 (]: BigQuery adapter: https://console.cloud.google.com/bigquery?project=wpp-dev-test&j=bq:EU:6428f4c5-ec07-491e-8f4b-01beebc40f4c&page=queryresults
[0m00:23:20.312717 [debug] [Thread-1 (]: SQL status: OK in 0.165 seconds
[0m00:23:20.640384 [info ] [Thread-1 (]: 2 of 5 PASS not_null_stg_ad_data_ad_id ......................................... [[32mPASS[0m in 1.34s]
[0m00:23:20.641240 [debug] [Thread-1 (]: Finished running node test.wpp_case_study.not_null_stg_ad_data_ad_id.be10693e2d
[0m00:23:20.641601 [debug] [Thread-1 (]: Began running node test.wpp_case_study.not_null_stg_ad_data_conversions.26eb8eec84
[0m00:23:20.642041 [info ] [Thread-1 (]: 3 of 5 START test not_null_stg_ad_data_conversions ............................. [RUN]
[0m00:23:20.642438 [debug] [Thread-1 (]: Re-using an available connection from the pool (formerly test.wpp_case_study.not_null_stg_ad_data_ad_id.be10693e2d, now test.wpp_case_study.not_null_stg_ad_data_conversions.26eb8eec84)
[0m00:23:20.642715 [debug] [Thread-1 (]: Began compiling node test.wpp_case_study.not_null_stg_ad_data_conversions.26eb8eec84
[0m00:23:20.649527 [debug] [Thread-1 (]: Writing injected SQL for node "test.wpp_case_study.not_null_stg_ad_data_conversions.26eb8eec84"
[0m00:23:20.650289 [debug] [Thread-1 (]: Began executing node test.wpp_case_study.not_null_stg_ad_data_conversions.26eb8eec84
[0m00:23:20.651461 [debug] [Thread-1 (]: Writing runtime sql for node "test.wpp_case_study.not_null_stg_ad_data_conversions.26eb8eec84"
[0m00:23:20.651942 [debug] [Thread-1 (]: On test.wpp_case_study.not_null_stg_ad_data_conversions.26eb8eec84: /* {"app": "dbt", "dbt_version": "1.12.4", "profile_name": "wpp_case_study", "target_name": "dev", "node_id": "test.wpp_case_study.not_null_stg_ad_data_conversions.26eb8eec84"} */

    
    select
      count(*) as failures,
      count(*) != 0 as should_warn,
      count(*) != 0 as should_error
    from (
      
    
  
    
    



select conversions
from `wpp-dev-test`.`raw_data`.`stg_ad_data`
where conversions is null



  
  
      
    ) dbt_internal_test
[0m00:23:20.652238 [debug] [Thread-1 (]: Opening a new connection, currently in state closed
[0m00:23:22.017517 [debug] [Thread-1 (]: BigQuery adapter: https://console.cloud.google.com/bigquery?project=wpp-dev-test&j=bq:EU:697a70ca-1168-43a6-8db2-a103c4af24e1&page=queryresults
[0m00:23:22.166227 [debug] [Thread-1 (]: SQL status: OK in 0.148 seconds
[0m00:23:22.583570 [info ] [Thread-1 (]: 3 of 5 PASS not_null_stg_ad_data_conversions ................................... [[32mPASS[0m in 1.94s]
[0m00:23:22.584482 [debug] [Thread-1 (]: Finished running node test.wpp_case_study.not_null_stg_ad_data_conversions.26eb8eec84
[0m00:23:22.584886 [debug] [Thread-1 (]: Began running node test.wpp_case_study.not_null_stg_ad_data_platform.e5d77afc16
[0m00:23:22.585258 [info ] [Thread-1 (]: 4 of 5 START test not_null_stg_ad_data_platform ................................ [RUN]
[0m00:23:22.585721 [debug] [Thread-1 (]: Re-using an available connection from the pool (formerly test.wpp_case_study.not_null_stg_ad_data_conversions.26eb8eec84, now test.wpp_case_study.not_null_stg_ad_data_platform.e5d77afc16)
[0m00:23:22.586004 [debug] [Thread-1 (]: Began compiling node test.wpp_case_study.not_null_stg_ad_data_platform.e5d77afc16
[0m00:23:22.592108 [debug] [Thread-1 (]: Writing injected SQL for node "test.wpp_case_study.not_null_stg_ad_data_platform.e5d77afc16"
[0m00:23:22.593057 [debug] [Thread-1 (]: Began executing node test.wpp_case_study.not_null_stg_ad_data_platform.e5d77afc16
[0m00:23:22.594192 [debug] [Thread-1 (]: Writing runtime sql for node "test.wpp_case_study.not_null_stg_ad_data_platform.e5d77afc16"
[0m00:23:22.594678 [debug] [Thread-1 (]: On test.wpp_case_study.not_null_stg_ad_data_platform.e5d77afc16: /* {"app": "dbt", "dbt_version": "1.12.4", "profile_name": "wpp_case_study", "target_name": "dev", "node_id": "test.wpp_case_study.not_null_stg_ad_data_platform.e5d77afc16"} */

    
    select
      count(*) as failures,
      count(*) != 0 as should_warn,
      count(*) != 0 as should_error
    from (
      
    
  
    
    



select platform
from `wpp-dev-test`.`raw_data`.`stg_ad_data`
where platform is null



  
  
      
    ) dbt_internal_test
[0m00:23:22.594975 [debug] [Thread-1 (]: Opening a new connection, currently in state closed
[0m00:23:23.453178 [debug] [Thread-1 (]: BigQuery adapter: https://console.cloud.google.com/bigquery?project=wpp-dev-test&j=bq:EU:cc8e3cb3-4e60-49bd-9d9f-743699e9c5ed&page=queryresults
[0m00:23:23.625778 [debug] [Thread-1 (]: SQL status: OK in 0.172 seconds
[0m00:23:23.995929 [info ] [Thread-1 (]: 4 of 5 PASS not_null_stg_ad_data_platform ...................................... [[32mPASS[0m in 1.41s]
[0m00:23:23.996909 [debug] [Thread-1 (]: Finished running node test.wpp_case_study.not_null_stg_ad_data_platform.e5d77afc16
[0m00:23:23.997303 [debug] [Thread-1 (]: Began running node test.wpp_case_study.unique_stg_ad_data_ad_id.7a4e3c7e4f
[0m00:23:23.997690 [info ] [Thread-1 (]: 5 of 5 START test unique_stg_ad_data_ad_id ..................................... [RUN]
[0m00:23:23.998166 [debug] [Thread-1 (]: Re-using an available connection from the pool (formerly test.wpp_case_study.not_null_stg_ad_data_platform.e5d77afc16, now test.wpp_case_study.unique_stg_ad_data_ad_id.7a4e3c7e4f)
[0m00:23:23.998465 [debug] [Thread-1 (]: Began compiling node test.wpp_case_study.unique_stg_ad_data_ad_id.7a4e3c7e4f
[0m00:23:24.006932 [debug] [Thread-1 (]: Writing injected SQL for node "test.wpp_case_study.unique_stg_ad_data_ad_id.7a4e3c7e4f"
[0m00:23:24.007890 [debug] [Thread-1 (]: Began executing node test.wpp_case_study.unique_stg_ad_data_ad_id.7a4e3c7e4f
[0m00:23:24.009045 [debug] [Thread-1 (]: Writing runtime sql for node "test.wpp_case_study.unique_stg_ad_data_ad_id.7a4e3c7e4f"
[0m00:23:24.009530 [debug] [Thread-1 (]: On test.wpp_case_study.unique_stg_ad_data_ad_id.7a4e3c7e4f: /* {"app": "dbt", "dbt_version": "1.12.4", "profile_name": "wpp_case_study", "target_name": "dev", "node_id": "test.wpp_case_study.unique_stg_ad_data_ad_id.7a4e3c7e4f"} */

    
    select
      count(*) as failures,
      count(*) != 0 as should_warn,
      count(*) != 0 as should_error
    from (
      
    
  
    
    

with dbt_test__target as (

  select ad_id as unique_field
  from `wpp-dev-test`.`raw_data`.`stg_ad_data`
  where ad_id is not null

)

select
    unique_field,
    count(*) as n_records

from dbt_test__target
group by unique_field
having count(*) > 1



  
  
      
    ) dbt_internal_test
[0m00:23:24.009824 [debug] [Thread-1 (]: Opening a new connection, currently in state closed
[0m00:23:24.679677 [debug] [Thread-1 (]: BigQuery adapter: https://console.cloud.google.com/bigquery?project=wpp-dev-test&j=bq:EU:02beda4e-e0b0-4311-aeb8-e094e6be7ea4&page=queryresults
[0m00:23:24.796297 [debug] [Thread-1 (]: SQL status: OK in 0.116 seconds
[0m00:23:25.082592 [info ] [Thread-1 (]: 5 of 5 PASS unique_stg_ad_data_ad_id ........................................... [[32mPASS[0m in 1.08s]
[0m00:23:25.083382 [debug] [Thread-1 (]: Finished running node test.wpp_case_study.unique_stg_ad_data_ad_id.7a4e3c7e4f
[0m00:23:25.084743 [debug] [MainThread]: Opening a new connection, currently in state closed
[0m00:23:25.085404 [debug] [MainThread]: Connection 'master' was properly closed.
[0m00:23:25.085621 [debug] [MainThread]: Connection 'test.wpp_case_study.unique_stg_ad_data_ad_id.7a4e3c7e4f' was properly closed.
[0m00:23:25.085902 [info ] [MainThread]: 
[0m00:23:25.086110 [info ] [MainThread]: Finished running 5 data tests in 0 hours 0 minutes and 7.92 seconds (7.92s).
[0m00:23:25.086959 [debug] [MainThread]: Command end result
[0m00:23:25.112259 [debug] [MainThread]: Wrote artifact WritableManifest to /Users/santoshkumar/Desktop/wpp-ad-performance-dbt/target/manifest.json
[0m00:23:25.114303 [debug] [MainThread]: Wrote artifact SemanticManifest to /Users/santoshkumar/Desktop/wpp-ad-performance-dbt/target/semantic_manifest.json
[0m00:23:25.115781 [debug] [MainThread]: Wrote artifact OsiDocument to /Users/santoshkumar/Desktop/wpp-ad-performance-dbt/target/osi_document.json
[0m00:23:25.120208 [debug] [MainThread]: Wrote artifact RunExecutionResult to /Users/santoshkumar/Desktop/wpp-ad-performance-dbt/target/run_results.json
[0m00:23:25.120375 [info ] [MainThread]: 
[0m00:23:25.120568 [info ] [MainThread]: [32mCompleted successfully[0m
[0m00:23:25.120684 [info ] [MainThread]: 
[0m00:23:25.120829 [info ] [MainThread]: Done. PASS=5 WARN=0 ERROR=0 SKIP=0 NO-OP=0 REUSED=0 TOTAL=5
[0m00:23:25.124581 [debug] [MainThread]: Resource report: {"command_name": "test", "command_success": true, "command_wall_clock_time": 8.494907, "process_in_blocks": "0", "process_kernel_time": 0.205637, "process_mem_max_rss": "265388032", "process_out_blocks": "0", "process_user_time": 1.125397}
[0m00:23:25.124890 [debug] [MainThread]: Command `dbt test` succeeded at 00:23:25.124850 after 8.50 seconds
[0m00:23:25.125058 [debug] [MainThread]: Sending event: {'category': 'dbt', 'action': 'invocation', 'label': 'end', 'context': [<snowplow_tracker.self_describing_json.SelfDescribingJson object at 0x11863b890>, <snowplow_tracker.self_describing_json.SelfDescribingJson object at 0x118a12db0>, <snowplow_tracker.self_describing_json.SelfDescribingJson object at 0x118a13960>]}
[0m00:23:25.125200 [debug] [MainThread]: Flushing usage events
[0m00:23:25.670535 [debug] [MainThread]: An error was encountered while trying to flush usage events
